I:\Arr-Plugins\Lidarr\Qobuzarr\src\Indexers\LidarrContextOptimizer.cs(182,25): error CS0104: 'StringSimilarity' is an ambiguous reference between 'Lidarr.Plugin.Qobuzarr.Utilities.StringSimilarity' and 'Lidarr.Plugin.Common.Utilities.StringSimilarity' [I:\Arr-Plugins\Lidarr\Qobuzarr\Qobuzarr.csproj]
I:\Arr-Plugins\Lidarr\Qobuzarr\src\Indexers\LidarrContextOptimizer.cs(236,25): error CS0104: 'StringSimilarity' is an ambiguous reference between 'Lidarr.Plugin.Qobuzarr.Utilities.StringSimilarity' and 'Lidarr.Plugin.Common.Utilities.StringSimilarity' [I:\Arr-Plugins\Lidarr\Qobuzarr\Qobuzarr.csproj]
I:\Arr-Plugins\Lidarr\Qobuzarr\src\Services\Caching\SubstringMatcher.cs(54,20): error CS0104: 'StringSimilarity' is an ambiguous reference between 'Lidarr.Plugin.Qobuzarr.Utilities.StringSimilarity' and 'Lidarr.Plugin.Common.Utilities.StringSimilarity' [I:\Arr-Plugins\Lidarr\Qobuzarr\Qobuzarr.csproj]
I:\Arr-Plugins\Lidarr\Qobuzarr\src\Services\Caching\SubstringMatcher.cs(66,13): error CS0104: 'Guard' is an ambiguous reference between 'Lidarr.Plugin.Qobuzarr.Utilities.Guard' and 'Lidarr.Plugin.Common.Utilities.Guard' [I:\Arr-Plugins\Lidarr\Qobuzarr\Qobuzarr.csproj]
I:\Arr-Plugins\Lidarr\Qobuzarr\src\Services\Caching\SubstringMatcher.cs(90,13): error CS0104: 'Guard' is an ambiguous reference between 'Lidarr.Plugin.Qobuzarr.Utilities.Guard' and 'Lidarr.Plugin.Common.Utilities.Guard' [I:\Arr-Plugins\Lidarr\Qobuzarr\Qobuzarr.csproj]
I:\Arr-Plugins\Lidarr\Qobuzarr\src\Services\Caching\SubstringMatcher.cs(91,13): error CS0104: 'Guard' is an ambiguous reference between 'Lidarr.Plugin.Qobuzarr.Utilities.Guard' and 'Lidarr.Plugin.Common.Utilities.Guard' [I:\Arr-Plugins\Lidarr\Qobuzarr\Qobuzarr.csproj]
I:\Arr-Plugins\Lidarr\Qobuzarr\src\Services\Caching\SubstringMatcher.cs(92,13): error CS0104: 'Guard' is an ambiguous reference between 'Lidarr.Plugin.Qobuzarr.Utilities.Guard' and 'Lidarr.Plugin.Common.Utilities.Guard' [I:\Arr-Plugins\Lidarr\Qobuzarr\Qobuzarr.csproj]
I:\Arr-Plugins\Lidarr\Qobuzarr\src\Services\Caching\SubstringMatcher.cs(93,13): error CS0104: 'Guard' is an ambiguous reference between 'Lidarr.Plugin.Qobuzarr.Utilities.Guard' and 'Lidarr.Plugin.Common.Utilities.Guard' [I:\Arr-Plugins\Lidarr\Qobuzarr\Qobuzarr.csproj]
I:\Arr-Plugins\Lidarr\Qobuzarr\src\Services\Caching\SubstringMatcher.cs(94,13): error CS0104: 'Guard' is an ambiguous reference between 'Lidarr.Plugin.Qobuzarr.Utilities.Guard' and 'Lidarr.Plugin.Common.Utilities.Guard' [I:\Arr-Plugins\Lidarr\Qobuzarr\Qobuzarr.csproj]
I:\Arr-Plugins\Lidarr\Qobuzarr\src\Services\Caching\SubstringMatcher.cs(95,13): error CS0104: 'Guard' is an ambiguous reference between 'Lidarr.Plugin.Qobuzarr.Utilities.Guard' and 'Lidarr.Plugin.Common.Utilities.Guard' [I:\Arr-Plugins\Lidarr\Qobuzarr\Qobuzarr.csproj]
I:\Arr-Plugins\Lidarr\Qobuzarr\src\Services\Caching\SubstringMatcher.cs(144,13): error CS0104: 'Guard' is an ambiguous reference between 'Lidarr.Plugin.Qobuzarr.Utilities.Guard' and 'Lidarr.Plugin.Common.Utilities.Guard' [I:\Arr-Plugins\Lidarr\Qobuzarr\Qobuzarr.csproj]
I:\Arr-Plugins\Lidarr\Qobuzarr\src\Services\Caching\SubstringMatcher.cs(145,13): error CS0104: 'Guard' is an ambiguous reference between 'Lidarr.Plugin.Qobuzarr.Utilities.Guard' and 'Lidarr.Plugin.Common.Utilities.Guard' [I:\Arr-Plugins\Lidarr\Qobuzarr\Qobuzarr.csproj]
I:\Arr-Plugins\Lidarr\Qobuzarr\src\Services\Caching\SubstringMatcher.cs(146,13): error CS0104: 'Guard' is an ambiguous reference between 'Lidarr.Plugin.Qobuzarr.Utilities.Guard' and 'Lidarr.Plugin.Common.Utilities.Guard' [I:\Arr-Plugins\Lidarr\Qobuzarr\Qobuzarr.csproj]
I:\Arr-Plugins\Lidarr\Qobuzarr\src\Services\Caching\SubstringMatcher.cs(147,13): error CS0104: 'Guard' is an ambiguous reference between 'Lidarr.Plugin.Qobuzarr.Utilities.Guard' and 'Lidarr.Plugin.Common.Utilities.Guard' [I:\Arr-Plugins\Lidarr\Qobuzarr\Qobuzarr.csproj]
I:\Arr-Plugins\Lidarr\Qobuzarr\src\Services\Caching\SubstringMatcher.cs(148,13): error CS0104: 'Guard' is an ambiguous reference between 'Lidarr.Plugin.Qobuzarr.Utilities.Guard' and 'Lidarr.Plugin.Common.Utilities.Guard' [I:\Arr-Plugins\Lidarr\Qobuzarr\Qobuzarr.csproj]
I:\Arr-Plugins\Lidarr\Qobuzarr\src\Services\Caching\SubstringMatcher.cs(149,13): error CS0104: 'Guard' is an ambiguous reference between 'Lidarr.Plugin.Qobuzarr.Utilities.Guard' and 'Lidarr.Plugin.Common.Utilities.Guard' [I:\Arr-Plugins\Lidarr\Qobuzarr\Qobuzarr.csproj]
I:\Arr-Plugins\Lidarr\Qobuzarr\src\Services\Caching\SubstringMatcher.cs(200,13): error CS0104: 'Guard' is an ambiguous reference between 'Lidarr.Plugin.Qobuzarr.Utilities.Guard' and 'Lidarr.Plugin.Common.Utilities.Guard' [I:\Arr-Plugins\Lidarr\Qobuzarr\Qobuzarr.csproj]
I:\Arr-Plugins\Lidarr\Qobuzarr\src\Services\Caching\SubstringMatcher.cs(201,13): error CS0104: 'Guard' is an ambiguous reference between 'Lidarr.Plugin.Qobuzarr.Utilities.Guard' and 'Lidarr.Plugin.Common.Utilities.Guard' [I:\Arr-Plugins\Lidarr\Qobuzarr\Qobuzarr.csproj]
I:\Arr-Plugins\Lidarr\Qobuzarr\src\Services\Caching\SubstringMatcher.cs(202,13): error CS0104: 'Guard' is an ambiguous reference between 'Lidarr.Plugin.Qobuzarr.Utilities.Guard' and 'Lidarr.Plugin.Common.Utilities.Guard' [I:\Arr-Plugins\Lidarr\Qobuzarr\Qobuzarr.csproj]
I:\Arr-Plugins\Lidarr\Qobuzarr\src\Services\Caching\SubstringMatcher.cs(203,13): error CS0104: 'Guard' is an ambiguous reference between 'Lidarr.Plugin.Qobuzarr.Utilities.Guard' and 'Lidarr.Plugin.Common.Utilities.Guard' [I:\Arr-Plugins\Lidarr\Qobuzarr\Qobuzarr.csproj]
I:\Arr-Plugins\Lidarr\Qobuzarr\src\Services\Caching\SubstringMatcher.cs(204,13): error CS0104: 'Guard' is an ambiguous reference between 'Lidarr.Plugin.Qobuzarr.Utilities.Guard' and 'Lidarr.Plugin.Common.Utilities.Guard' [I:\Arr-Plugins\Lidarr\Qobuzarr\Qobuzarr.csproj]
I:\Arr-Plugins\Lidarr\Qobuzarr\src\Services\Caching\SubstringMatcher.cs(205,13): error CS0104: 'Guard' is an ambiguous reference between 'Lidarr.Plugin.Qobuzarr.Utilities.Guard' and 'Lidarr.Plugin.Common.Utilities.Guard' [I:\Arr-Plugins\Lidarr\Qobuzarr\Qobuzarr.csproj]
I:\Arr-Plugins\Lidarr\Qobuzarr\src\Services\Caching\SubstringMatcher.cs(206,13): error CS0104: 'Guard' is an ambiguous reference between 'Lidarr.Plugin.Qobuzarr.Utilities.Guard' and 'Lidarr.Plugin.Common.Utilities.Guard' [I:\Arr-Plugins\Lidarr\Qobuzarr\Qobuzarr.csproj]
I:\Arr-Plugins\Lidarr\Qobuzarr\src\Services\Metadata\LidarrMetadataStrategy.cs(92,39): error CS0104: 'StringSimilarity' is an ambiguous reference between 'Lidarr.Plugin.Qobuzarr.Utilities.StringSimilarity' and 'Lidarr.Plugin.Common.Utilities.StringSimilarity' [I:\Arr-Plugins\Lidarr\Qobuzarr\Qobuzarr.csproj]
I:\Arr-Plugins\Lidarr\Qobuzarr\src\Services\Matching\MergedTrackMatchingStrategy.cs(151,20): error CS0104: 'StringSimilarity' is an ambiguous reference between 'Lidarr.Plugin.Qobuzarr.Utilities.StringSimilarity' and 'Lidarr.Plugin.Common.Utilities.StringSimilarity' [I:\Arr-Plugins\Lidarr\Qobuzarr\Qobuzarr.csproj]
I:\Arr-Plugins\Lidarr\Qobuzarr\src\Services\Metadata\LidarrMetadataStrategy.cs(121,35): error CS0104: 'StringSimilarity' is an ambiguous reference between 'Lidarr.Plugin.Qobuzarr.Utilities.StringSimilarity' and 'Lidarr.Plugin.Common.Utilities.StringSimilarity' [I:\Arr-Plugins\Lidarr\Qobuzarr\Qobuzarr.csproj]
I:\Arr-Plugins\Lidarr\Qobuzarr\src\Services\Matching\SplitTrackMatchingStrategy.cs(159,20): error CS0104: 'StringSimilarity' is an ambiguous reference between 'Lidarr.Plugin.Qobuzarr.Utilities.StringSimilarity' and 'Lidarr.Plugin.Common.Utilities.StringSimilarity' [I:\Arr-Plugins\Lidarr\Qobuzarr\Qobuzarr.csproj]
I:\Arr-Plugins\Lidarr\Qobuzarr\src\Services\Matching\StandardTrackMatchingStrategy.cs(148,43): error CS0104: 'StringSimilarity' is an ambiguous reference between 'Lidarr.Plugin.Qobuzarr.Utilities.StringSimilarity' and 'Lidarr.Plugin.Common.Utilities.StringSimilarity' [I:\Arr-Plugins\Lidarr\Qobuzarr\Qobuzarr.csproj]
I:\Arr-Plugins\Lidarr\Qobuzarr\src\Services\Matching\StandardTrackMatchingStrategy.cs(159,43): error CS0104: 'StringSimilarity' is an ambiguous reference between 'Lidarr.Plugin.Qobuzarr.Utilities.StringSimilarity' and 'Lidarr.Plugin.Common.Utilities.StringSimilarity' [I:\Arr-Plugins\Lidarr\Qobuzarr\Qobuzarr.csproj]
I:\Arr-Plugins\Lidarr\Qobuzarr\src\Services\Matching\StandardTrackMatchingStrategy.cs(170,43): error CS0104: 'StringSimilarity' is an ambiguous reference between 'Lidarr.Plugin.Qobuzarr.Utilities.StringSimilarity' and 'Lidarr.Plugin.Common.Utilities.StringSimilarity' [I:\Arr-Plugins\Lidarr\Qobuzarr\Qobuzarr.csproj]
I:\Arr-Plugins\Lidarr\Qobuzarr\src\Services\Matching\SplitTrackMatchingStrategy.cs(223,58): error CS0104: 'StringSimilarity' is an ambiguous reference between 'Lidarr.Plugin.Qobuzarr.Utilities.StringSimilarity' and 'Lidarr.Plugin.Common.Utilities.StringSimilarity' [I:\Arr-Plugins\Lidarr\Qobuzarr\Qobuzarr.csproj]
I:\Arr-Plugins\Lidarr\Qobuzarr\src\Services\LiveAlbumNormalizer.cs(518,20): error CS0104: 'StringSimilarity' is an ambiguous reference between 'Lidarr.Plugin.Qobuzarr.Utilities.StringSimilarity' and 'Lidarr.Plugin.Common.Utilities.StringSimilarity' [I:\Arr-Plugins\Lidarr\Qobuzarr\Qobuzarr.csproj]
I:\Arr-Plugins\Lidarr\Qobuzarr\src\Indexers\LidarrContextOptimizer.cs(182,25): error CS0104: 'StringSimilarity' is an ambiguous reference between 'Lidarr.Plugin.Qobuzarr.Utilities.StringSimilarity' and 'Lidarr.Plugin.Common.Utilities.StringSimilarity' [I:\Arr-Plugins\Lidarr\Qobuzarr\Qobuzarr.csproj]
I:\Arr-Plugins\Lidarr\Qobuzarr\src\Indexers\LidarrContextOptimizer.cs(236,25): error CS0104: 'StringSimilarity' is an ambiguous reference between 'Lidarr.Plugin.Qobuzarr.Utilities.StringSimilarity' and 'Lidarr.Plugin.Common.Utilities.StringSimilarity' [I:\Arr-Plugins\Lidarr\Qobuzarr\Qobuzarr.csproj]
I:\Arr-Plugins\Lidarr\Qobuzarr\src\Services\Caching\SubstringMatcher.cs(54,20): error CS0104: 'StringSimilarity' is an ambiguous reference between 'Lidarr.Plugin.Qobuzarr.Utilities.StringSimilarity' and 'Lidarr.Plugin.Common.Utilities.StringSimilarity' [I:\Arr-Plugins\Lidarr\Qobuzarr\Qobuzarr.csproj]
I:\Arr-Plugins\Lidarr\Qobuzarr\src\Services\Caching\SubstringMatcher.cs(66,13): error CS0104: 'Guard' is an ambiguous reference between 'Lidarr.Plugin.Qobuzarr.Utilities.Guard' and 'Lidarr.Plugin.Common.Utilities.Guard' [I:\Arr-Plugins\Lidarr\Qobuzarr\Qobuzarr.csproj]
I:\Arr-Plugins\Lidarr\Qobuzarr\src\Services\Caching\SubstringMatcher.cs(90,13): error CS0104: 'Guard' is an ambiguous reference between 'Lidarr.Plugin.Qobuzarr.Utilities.Guard' and 'Lidarr.Plugin.Common.Utilities.Guard' [I:\Arr-Plugins\Lidarr\Qobuzarr\Qobuzarr.csproj]
I:\Arr-Plugins\Lidarr\Qobuzarr\src\Services\Caching\SubstringMatcher.cs(91,13): error CS0104: 'Guard' is an ambiguous reference between 'Lidarr.Plugin.Qobuzarr.Utilities.Guard' and 'Lidarr.Plugin.Common.Utilities.Guard' [I:\Arr-Plugins\Lidarr\Qobuzarr\Qobuzarr.csproj]
I:\Arr-Plugins\Lidarr\Qobuzarr\src\Services\Caching\SubstringMatcher.cs(92,13): error CS0104: 'Guard' is an ambiguous reference between 'Lidarr.Plugin.Qobuzarr.Utilities.Guard' and 'Lidarr.Plugin.Common.Utilities.Guard' [I:\Arr-Plugins\Lidarr\Qobuzarr\Qobuzarr.csproj]
I:\Arr-Plugins\Lidarr\Qobuzarr\src\Services\Caching\SubstringMatcher.cs(93,13): error CS0104: 'Guard' is an ambiguous reference between 'Lidarr.Plugin.Qobuzarr.Utilities.Guard' and 'Lidarr.Plugin.Common.Utilities.Guard' [I:\Arr-Plugins\Lidarr\Qobuzarr\Qobuzarr.csproj]
I:\Arr-Plugins\Lidarr\Qobuzarr\src\Services\Caching\SubstringMatcher.cs(94,13): error CS0104: 'Guard' is an ambiguous reference between 'Lidarr.Plugin.Qobuzarr.Utilities.Guard' and 'Lidarr.Plugin.Common.Utilities.Guard' [I:\Arr-Plugins\Lidarr\Qobuzarr\Qobuzarr.csproj]
I:\Arr-Plugins\Lidarr\Qobuzarr\src\Services\Caching\SubstringMatcher.cs(95,13): error CS0104: 'Guard' is an ambiguous reference between 'Lidarr.Plugin.Qobuzarr.Utilities.Guard' and 'Lidarr.Plugin.Common.Utilities.Guard' [I:\Arr-Plugins\Lidarr\Qobuzarr\Qobuzarr.csproj]
I:\Arr-Plugins\Lidarr\Qobuzarr\src\Services\Caching\SubstringMatcher.cs(144,13): error CS0104: 'Guard' is an ambiguous reference between 'Lidarr.Plugin.Qobuzarr.Utilities.Guard' and 'Lidarr.Plugin.Common.Utilities.Guard' [I:\Arr-Plugins\Lidarr\Qobuzarr\Qobuzarr.csproj]
I:\Arr-Plugins\Lidarr\Qobuzarr\src\Services\Caching\SubstringMatcher.cs(145,13): error CS0104: 'Guard' is an ambiguous reference between 'Lidarr.Plugin.Qobuzarr.Utilities.Guard' and 'Lidarr.Plugin.Common.Utilities.Guard' [I:\Arr-Plugins\Lidarr\Qobuzarr\Qobuzarr.csproj]
I:\Arr-Plugins\Lidarr\Qobuzarr\src\Services\Caching\SubstringMatcher.cs(146,13): error CS0104: 'Guard' is an ambiguous reference between 'Lidarr.Plugin.Qobuzarr.Utilities.Guard' and 'Lidarr.Plugin.Common.Utilities.Guard' [I:\Arr-Plugins\Lidarr\Qobuzarr\Qobuzarr.csproj]
I:\Arr-Plugins\Lidarr\Qobuzarr\src\Services\Caching\SubstringMatcher.cs(147,13): error CS0104: 'Guard' is an ambiguous reference between 'Lidarr.Plugin.Qobuzarr.Utilities.Guard' and 'Lidarr.Plugin.Common.Utilities.Guard' [I:\Arr-Plugins\Lidarr\Qobuzarr\Qobuzarr.csproj]
I:\Arr-Plugins\Lidarr\Qobuzarr\src\Services\Caching\SubstringMatcher.cs(148,13): error CS0104: 'Guard' is an ambiguous reference between 'Lidarr.Plugin.Qobuzarr.Utilities.Guard' and 'Lidarr.Plugin.Common.Utilities.Guard' [I:\Arr-Plugins\Lidarr\Qobuzarr\Qobuzarr.csproj]
I:\Arr-Plugins\Lidarr\Qobuzarr\src\Services\Caching\SubstringMatcher.cs(149,13): error CS0104: 'Guard' is an ambiguous reference between 'Lidarr.Plugin.Qobuzarr.Utilities.Guard' and 'Lidarr.Plugin.Common.Utilities.Guard' [I:\Arr-Plugins\Lidarr\Qobuzarr\Qobuzarr.csproj]
I:\Arr-Plugins\Lidarr\Qobuzarr\src\Services\Caching\SubstringMatcher.cs(200,13): error CS0104: 'Guard' is an ambiguous reference between 'Lidarr.Plugin.Qobuzarr.Utilities.Guard' and 'Lidarr.Plugin.Common.Utilities.Guard' [I:\Arr-Plugins\Lidarr\Qobuzarr\Qobuzarr.csproj]
I:\Arr-Plugins\Lidarr\Qobuzarr\src\Services\Caching\SubstringMatcher.cs(201,13): error CS0104: 'Guard' is an ambiguous reference between 'Lidarr.Plugin.Qobuzarr.Utilities.Guard' and 'Lidarr.Plugin.Common.Utilities.Guard' [I:\Arr-Plugins\Lidarr\Qobuzarr\Qobuzarr.csproj]
I:\Arr-Plugins\Lidarr\Qobuzarr\src\Services\Caching\SubstringMatcher.cs(202,13): error CS0104: 'Guard' is an ambiguous reference between 'Lidarr.Plugin.Qobuzarr.Utilities.Guard' and 'Lidarr.Plugin.Common.Utilities.Guard' [I:\Arr-Plugins\Lidarr\Qobuzarr\Qobuzarr.csproj]
I:\Arr-Plugins\Lidarr\Qobuzarr\src\Services\Caching\SubstringMatcher.cs(203,13): error CS0104: 'Guard' is an ambiguous reference between 'Lidarr.Plugin.Qobuzarr.Utilities.Guard' and 'Lidarr.Plugin.Common.Utilities.Guard' [I:\Arr-Plugins\Lidarr\Qobuzarr\Qobuzarr.csproj]
I:\Arr-Plugins\Lidarr\Qobuzarr\src\Services\Caching\SubstringMatcher.cs(204,13): error CS0104: 'Guard' is an ambiguous reference between 'Lidarr.Plugin.Qobuzarr.Utilities.Guard' and 'Lidarr.Plugin.Common.Utilities.Guard' [I:\Arr-Plugins\Lidarr\Qobuzarr\Qobuzarr.csproj]
I:\Arr-Plugins\Lidarr\Qobuzarr\src\Services\Caching\SubstringMatcher.cs(205,13): error CS0104: 'Guard' is an ambiguous reference between 'Lidarr.Plugin.Qobuzarr.Utilities.Guard' and 'Lidarr.Plugin.Common.Utilities.Guard' [I:\Arr-Plugins\Lidarr\Qobuzarr\Qobuzarr.csproj]
I:\Arr-Plugins\Lidarr\Qobuzarr\src\Services\Caching\SubstringMatcher.cs(206,13): error CS0104: 'Guard' is an ambiguous reference between 'Lidarr.Plugin.Qobuzarr.Utilities.Guard' and 'Lidarr.Plugin.Common.Utilities.Guard' [I:\Arr-Plugins\Lidarr\Qobuzarr\Qobuzarr.csproj]
I:\Arr-Plugins\Lidarr\Qobuzarr\src\Services\Metadata\LidarrMetadataStrategy.cs(92,39): error CS0104: 'StringSimilarity' is an ambiguous reference between 'Lidarr.Plugin.Qobuzarr.Utilities.StringSimilarity' and 'Lidarr.Plugin.Common.Utilities.StringSimilarity' [I:\Arr-Plugins\Lidarr\Qobuzarr\Qobuzarr.csproj]
I:\Arr-Plugins\Lidarr\Qobuzarr\src\Services\Matching\MergedTrackMatchingStrategy.cs(151,20): error CS0104: 'StringSimilarity' is an ambiguous reference between 'Lidarr.Plugin.Qobuzarr.Utilities.StringSimilarity' and 'Lidarr.Plugin.Common.Utilities.StringSimilarity' [I:\Arr-Plugins\Lidarr\Qobuzarr\Qobuzarr.csproj]
I:\Arr-Plugins\Lidarr\Qobuzarr\src\Services\Metadata\LidarrMetadataStrategy.cs(121,35): error CS0104: 'StringSimilarity' is an ambiguous reference between 'Lidarr.Plugin.Qobuzarr.Utilities.StringSimilarity' and 'Lidarr.Plugin.Common.Utilities.StringSimilarity' [I:\Arr-Plugins\Lidarr\Qobuzarr\Qobuzarr.csproj]
I:\Arr-Plugins\Lidarr\Qobuzarr\src\Services\Matching\SplitTrackMatchingStrategy.cs(159,20): error CS0104: 'StringSimilarity' is an ambiguous reference between 'Lidarr.Plugin.Qobuzarr.Utilities.StringSimilarity' and 'Lidarr.Plugin.Common.Utilities.StringSimilarity' [I:\Arr-Plugins\Lidarr\Qobuzarr\Qobuzarr.csproj]
I:\Arr-Plugins\Lidarr\Qobuzarr\src\Services\Matching\StandardTrackMatchingStrategy.cs(148,43): error CS0104: 'StringSimilarity' is an ambiguous reference between 'Lidarr.Plugin.Qobuzarr.Utilities.StringSimilarity' and 'Lidarr.Plugin.Common.Utilities.StringSimilarity' [I:\Arr-Plugins\Lidarr\Qobuzarr\Qobuzarr.csproj]
I:\Arr-Plugins\Lidarr\Qobuzarr\src\Services\Matching\StandardTrackMatchingStrategy.cs(159,43): error CS0104: 'StringSimilarity' is an ambiguous reference between 'Lidarr.Plugin.Qobuzarr.Utilities.StringSimilarity' and 'Lidarr.Plugin.Common.Utilities.StringSimilarity' [I:\Arr-Plugins\Lidarr\Qobuzarr\Qobuzarr.csproj]
I:\Arr-Plugins\Lidarr\Qobuzarr\src\Services\Matching\StandardTrackMatchingStrategy.cs(170,43): error CS0104: 'StringSimilarity' is an ambiguous reference between 'Lidarr.Plugin.Qobuzarr.Utilities.StringSimilarity' and 'Lidarr.Plugin.Common.Utilities.StringSimilarity' [I:\Arr-Plugins\Lidarr\Qobuzarr\Qobuzarr.csproj]
I:\Arr-Plugins\Lidarr\Qobuzarr\src\Services\Matching\SplitTrackMatchingStrategy.cs(223,58): error CS0104: 'StringSimilarity' is an ambiguous reference between 'Lidarr.Plugin.Qobuzarr.Utilities.StringSimilarity' and 'Lidarr.Plugin.Common.Utilities.StringSimilarity' [I:\Arr-Plugins\Lidarr\Qobuzarr\Qobuzarr.csproj]
I:\Arr-Plugins\Lidarr\Qobuzarr\src\Services\LiveAlbumNormalizer.cs(518,20): error CS0104: 'StringSimilarity' is an ambiguous reference between 'Lidarr.Plugin.Qobuzarr.Utilities.StringSimilarity' and 'Lidarr.Plugin.Common.Utilities.StringSimilarity' [I:\Arr-Plugins\Lidarr\Qobuzarr\Qobuzarr.csproj]
